case 0
status: nonzero
stdout:
prefix
stderr:
runtime error: MATHCK signed overflow in + at line 15 column 21 (left=-2147483648, right=-9223372036854775808)
case 1
status: nonzero
stdout:
prefix
stderr:
runtime error: MATHCK signed overflow in - at line 17 column 21 (left=-2147483648, right=9223372036854775807)
case 2
status: nonzero
stdout:
prefix
stderr:
runtime error: MATHCK signed overflow in * at line 19 column 21 (left=-2147483648, right=-9223372036854775808)
