case 0
status: nonzero
stdout:
prefix
stderr:
runtime error: MATHCK unsigned overflow in - at line 24 column 12 (operand=1)
case 1
status: nonzero
stdout:
prefix
stderr:
runtime error: MATHCK unsigned overflow in + at line 49 column 14 (left=4294967295, right=1)
case 2
status: nonzero
stdout:
prefix
stderr:
runtime error: MATHCK unsigned overflow in - at line 74 column 14 (left=0, right=1)
case 3
status: nonzero
stdout:
prefix
stderr:
runtime error: MATHCK unsigned overflow in * at line 99 column 14 (left=4294967295, right=2)
case 4
status: nonzero
stdout:
prefix
stderr:
runtime error: MATHCK unsigned division by zero in DIV at line 124 column 14 (left=9, right=0)
case 5
status: nonzero
stdout:
prefix
stderr:
runtime error: MATHCK unsigned division by zero in MOD at line 149 column 14 (left=9, right=0)
case 6
status: nonzero
stdout:
4294967295
prefix
stderr:
runtime error: MATHCK unsigned overflow in VSUM at line 175 column 12 (left=4294967295, right=1)
case 7
status: nonzero
stdout:
2147483646
prefix
stderr:
runtime error: MATHCK unsigned overflow in VPROD at line 197 column 12 (left=2147483648, right=2)
