case 0
status: nonzero
stdout:
prefix
arg
stderr:
runtime error: MATHCK signed overflow in SUCC at line 14 column 18 (operand=127)
case 1
status: nonzero
stdout:
prefix
arg
stderr:
runtime error: MATHCK signed overflow in PRED at line 16 column 18 (operand=-128)
case 2
status: nonzero
stdout:
prefix
arg
stderr:
runtime error: MATHCK signed overflow in ABS at line 18 column 18 (operand=-128)
case 3
status: nonzero
stdout:
prefix
arg
stderr:
runtime error: MATHCK signed overflow in SQR at line 20 column 18 (operand=12)
case 4
status: nonzero
stdout:
prefix
arg
stderr:
runtime error: MATHCK signed overflow in SQR at line 22 column 18 (operand=-12)
case 5
status: nonzero
stdout:
prefix
arg
stderr:
runtime error: MATHCK signed overflow in SQR at line 24 column 18 (operand=-128)
