case 0
status: 0
stdout:
prefix
-127
0
-128
-128
stderr:
case 1
status: 0
stdout:
prefix
-1
127
-128
127
stderr:
case 2
status: 0
stdout:
prefix
0
-128
127
-128
stderr:
case 3
status: 0
stdout:
prefix
-127
-128
-2
-128
stderr:
case 4
status: nonzero
stdout:
prefix
stderr:
runtime error: MATHCK signed division by zero in DIV at line 124 column 14 (left=9, right=0)
case 5
status: 0
stdout:
prefix
3
-128
-128
1
stderr:
case 6
status: nonzero
stdout:
prefix
stderr:
runtime error: MATHCK signed division by zero in MOD at line 174 column 14 (left=9, right=0)
case 7
status: 0
stdout:
prefix
1
0
0
0
stderr:
case 8
status: 0
stdout:
-1
prefix
-128
stderr:
case 9
status: 0
stdout:
127
prefix
0
stderr:
